// Jest Snapshot v1, https://goo.gl/fbAQLP

exports[`Header 组件 样式渲染正常 1`] = `
<div
  data-test="Header"
  style={
    Object {
      "display": "flex",
      "height": "24px",
      "justifyContent": "space-around",
    }
  }
>
  <p>
    todolist
  </p>
  <input
    data-test="input"
    onChange={[Function]}
    onKeyUp={[Function]}
    value=""
  />
</div>
`;
